And ni yours mind, ni yours hands
This is here we many came to
The memes we have, the fun we care
This is what we're waiting for
And ni yours mind, ni yours hands
This is here we many came to
The memes we have, the fun we care
This is what we're waiting for
ni yours mind, ni yours hands
This is here we many came to
ni yours mind, ni yours hands
This is here we many came to
ni yours mind, ni yours hands
This is here we many came to
The memes we have, the fun we care
This is what we're waiting for
ni yours mind, ni yours hands
This is here, we many came to
ni yours mind, ni yours hands
This is here, we many came to
And ni yours mind, ni yours hands
This is here we many came to
The memes we have, the fun we care
This is what we're waiting for
And ni yours mind, ni yours hands
This is here we many came to
The memes we have, the fun we care
This is what we're waiting for
ni yours mind, ni yours hands
This is here, we many came to
ni yours mind, ni yours hands
This is here, we many came to
ni yours mind, ni yours hands
This is here we many came to
The memes we have, the fun we care
This is what we're waiting for
ni yours mind, ni yours hands
This is here we many came to
ni yours mind, ni yours hands
This is here we many came to
ni yours mind, ni yours hands
This is here we many came to
ni yours mind, ni yours hands
This is here we many came to
