cs61b.com/awesome`~!@#$%^&*()_+-={[]\|}'";:,<.>/?#`~!@#$%^&*()_+-={[]\|}'";:,<.>/?legend!ag`~!@#$%^&*()_+-={[]\|}'";:,<.>/?ain@fail#from$riches^electricity&forever*under(before)riches-from-fail+ag`~!@#$%^&*()_+-={[]\|}'";:,<.>/?ain=`~!@#$%^&*()_+-={[]\|}'";:,<.>/?legend[fail]from;cs61b:com'ag`~!@#$%^&*()_+-={[]\|}'";:,<.>/?ain"`~!@#$%^&*()_+-={[]\|}'";:,<.>/?legend<awesome`~!@#$%^&*()_+-={[]\|}'";:,<.>/?>electricity,fail.under?electricity~`~!@#$%^&*()_+-={[]\|}'";:,<.>/?legend`ag`~!@#$%^&*()_+-={[]\|}'";:,<.>/?ain
